// Jest Snapshot v1, https://goo.gl/fbAQLP

exports[`rendering 1`] = `
<Layout
  path="pathname"
/>
`;
