// Jest Snapshot v1, https://goo.gl/fbAQLP

exports[`exports 1`] = `
Object {
  "About": [Function],
  "Head": [Function],
  "IndexPage": [Function],
  "Layout": [Function],
  "Post": [Function],
}
`;
