// Jest Snapshot v1, https://goo.gl/fbAQLP

exports[`rendering 1`] = `
<styled.div>
  <Header
    path="/something"
  />
  <styled.div>
    <span>
      Some content
    </span>
  </styled.div>
  <Footer />
</styled.div>
`;
