// Jest Snapshot v1, https://goo.gl/fbAQLP

exports[`rendering 1`] = `
<div>
  <styled.h1>
    title
  </styled.h1>
  <styled.p
    dangerouslySetInnerHTML={
      Object {
        "__html": "excerpt",
      }
    }
  />
  <styled.p>
    <small>
      date
    </small>
  </styled.p>
  <Styled(Image)
    alt="title"
    sizes={
      Object {
        "sizes": "something",
      }
    }
  />
  <div
    dangerouslySetInnerHTML={
      Object {
        "__html": "<div>some html</div>",
      }
    }
  />
  <hr />
  <p>
    <GatsbyLink
      to="/about"
    >
      Iâ€™m
    </GatsbyLink>
     Jia Hao, and I write software in San Francisco. Follow me on
     
    <a
      href="https://twitter.com/jiahaog"
      rel="noopener noreferrer"
    >
      Twitter
    </a>
    !
  </p>
</div>
`;
