// Jest Snapshot v1, https://goo.gl/fbAQLP

exports[`exports 1`] = `
Object {
  "*": Object {
    "boxSizing": "inherit",
  },
  "*:after": Object {
    "boxSizing": "inherit",
  },
  "*:before": Object {
    "boxSizing": "inherit",
  },
  "@media only screen and (max-width:480px)": Object {
    "blockquote": Object {
      "borderLeft": "0.27187rem solid #1ca086",
      "color": "hsla(0,0%,0%,0.59)",
      "fontStyle": "italic",
      "marginLeft": "-1.0875rem",
      "marginRight": 0,
      "paddingLeft": "0.81563rem",
    },
    "html": Object {
      "fontSize": "106.25%",
      "lineHeight": "1.45",
    },
  },
  "a": Object {
    "backgroundImage": "linear-gradient(to top, rgba(0, 0, 0, 0), rgba(0, 0, 0, 0) 1px, #1ca086 1px, #1ca086 2px, rgba(0, 0, 0, 0) 2px)",
    "color": "#1ca086",
    "textDecoration": "none",
    "textShadow": ".03em 0 #fff,-.03em 0 #fff,0 .03em #fff,0 -.03em #fff,.06em 0 #fff,-.06em 0 #fff,.09em 0 #fff,-.09em 0 #fff,.12em 0 #fff,-.12em 0 #fff,.15em 0 #fff,-.15em 0 #fff",
  },
  "a:hover,a:active": Object {
    "backgroundImage": "none",
    "textShadow": "none",
  },
  "abbr": Object {
    "borderBottom": "1px dotted hsla(0,0%,0%,0.5)",
    "cursor": "help",
  },
  "abbr[title]": Object {
    "borderBottom": "1px dotted hsla(0,0%,0%,0.5)",
    "cursor": "help",
    "textDecoration": "none",
  },
  "acronym": Object {
    "borderBottom": "1px dotted hsla(0,0%,0%,0.5)",
    "cursor": "help",
  },
  "address": Object {
    "marginBottom": "1.45rem",
    "marginLeft": 0,
    "marginRight": 0,
    "marginTop": 0,
    "paddingBottom": 0,
    "paddingLeft": 0,
    "paddingRight": 0,
    "paddingTop": 0,
  },
  "b": Object {
    "fontWeight": 700,
  },
  "blockquote": Object {
    "borderLeft": "0.54375rem solid #1ca086",
    "color": "hsla(0,0%,0%,0.65)",
    "fontSize": "1.1487rem",
    "fontStyle": "italic",
    "lineHeight": "1.45rem",
    "marginBottom": "1.45rem",
    "marginLeft": 0,
    "marginRight": 0,
    "marginTop": 0,
    "paddingBottom": 0,
    "paddingLeft": "0.90625rem",
    "paddingRight": 0,
    "paddingTop": 0,
  },
  "blockquote *:last-child": Object {
    "marginBottom": 0,
  },
  "blockquote > :last-child": Object {
    "marginBottom": 0,
  },
  "blockquote cite": Object {
    "color": "hsla(0,0%,0%,0.8)",
    "fontSize": "1rem",
    "fontStyle": "normal",
    "fontWeight": 400,
    "lineHeight": "1.45rem",
  },
  "blockquote cite:before": Object {
    "content": "\\"â€” \\"",
  },
  "body": Object {
    "MozFontFeatureSettings": "\\"kern\\", \\"liga\\", \\"clig\\", \\"calt\\"",
    "WebkitFontFeatureSettings": "\\"kern\\", \\"liga\\", \\"clig\\", \\"calt\\"",
    "color": "hsla(0,0%,0%,0.8)",
    "fontFamily": "'Source Sans Pro',sans-serif",
    "fontFeatureSettings": "\\"kern\\", \\"liga\\", \\"clig\\", \\"calt\\"",
    "fontKerning": "normal",
    "fontWeight": 400,
    "msFontFeatureSettings": "\\"kern\\", \\"liga\\", \\"clig\\", \\"calt\\"",
    "wordWrap": "break-word",
  },
  "code": Object {
    "fontSize": "0.85rem",
    "lineHeight": "1.45rem",
  },
  "dd": Object {
    "marginBottom": "1.45rem",
    "marginLeft": 0,
    "marginRight": 0,
    "marginTop": 0,
    "paddingBottom": 0,
    "paddingLeft": 0,
    "paddingRight": 0,
    "paddingTop": 0,
  },
  "dl": Object {
    "marginBottom": "1.45rem",
    "marginLeft": 0,
    "marginRight": 0,
    "marginTop": 0,
    "paddingBottom": 0,
    "paddingLeft": 0,
    "paddingRight": 0,
    "paddingTop": 0,
  },
  "dt": Object {
    "fontWeight": 700,
  },
  "fieldset": Object {
    "marginBottom": "1.45rem",
    "marginLeft": 0,
    "marginRight": 0,
    "marginTop": 0,
    "paddingBottom": 0,
    "paddingLeft": 0,
    "paddingRight": 0,
    "paddingTop": 0,
  },
  "figure": Object {
    "marginBottom": "1.45rem",
    "marginLeft": 0,
    "marginRight": 0,
    "marginTop": 0,
    "paddingBottom": 0,
    "paddingLeft": 0,
    "paddingRight": 0,
    "paddingTop": 0,
  },
  "form": Object {
    "marginBottom": "1.45rem",
    "marginLeft": 0,
    "marginRight": 0,
    "marginTop": 0,
    "paddingBottom": 0,
    "paddingLeft": 0,
    "paddingRight": 0,
    "paddingTop": 0,
  },
  "h1": Object {
    "color": "hsla(0,0%,0%,0.9)",
    "fontFamily": "'Work Sans',sans-serif",
    "fontSize": "2rem",
    "fontWeight": "600",
    "lineHeight": 1.1,
    "marginBottom": "1.45rem",
    "marginLeft": 0,
    "marginRight": 0,
    "marginTop": 0,
    "paddingBottom": 0,
    "paddingLeft": 0,
    "paddingRight": 0,
    "paddingTop": 0,
    "textRendering": "optimizeLegibility",
  },
  "h1,h2,h3,h4,h5,h6": Object {
    "marginBottom": "0.725rem",
    "marginTop": "2.175rem",
  },
  "h2": Object {
    "color": "hsla(0,0%,0%,0.9)",
    "fontFamily": "'Work Sans',sans-serif",
    "fontSize": "1.51572rem",
    "fontWeight": "600",
    "lineHeight": 1.1,
    "marginBottom": "1.45rem",
    "marginLeft": 0,
    "marginRight": 0,
    "marginTop": 0,
    "paddingBottom": 0,
    "paddingLeft": 0,
    "paddingRight": 0,
    "paddingTop": 0,
    "textRendering": "optimizeLegibility",
  },
  "h3": Object {
    "color": "hsla(0,0%,0%,0.9)",
    "fontFamily": "'Work Sans',sans-serif",
    "fontSize": "1.31951rem",
    "fontWeight": "600",
    "lineHeight": 1.1,
    "marginBottom": "1.45rem",
    "marginLeft": 0,
    "marginRight": 0,
    "marginTop": 0,
    "paddingBottom": 0,
    "paddingLeft": 0,
    "paddingRight": 0,
    "paddingTop": 0,
    "textRendering": "optimizeLegibility",
  },
  "h4": Object {
    "color": "hsla(0,0%,0%,0.9)",
    "fontFamily": "'Work Sans',sans-serif",
    "fontSize": "1rem",
    "fontWeight": "600",
    "lineHeight": 1.1,
    "marginBottom": "1.45rem",
    "marginLeft": 0,
    "marginRight": 0,
    "marginTop": 0,
    "paddingBottom": 0,
    "paddingLeft": 0,
    "paddingRight": 0,
    "paddingTop": 0,
    "textRendering": "optimizeLegibility",
  },
  "h5": Object {
    "color": "hsla(0,0%,0%,0.9)",
    "fontFamily": "'Work Sans',sans-serif",
    "fontSize": "0.87055rem",
    "fontWeight": "600",
    "lineHeight": 1.1,
    "marginBottom": "1.45rem",
    "marginLeft": 0,
    "marginRight": 0,
    "marginTop": 0,
    "paddingBottom": 0,
    "paddingLeft": 0,
    "paddingRight": 0,
    "paddingTop": 0,
    "textRendering": "optimizeLegibility",
  },
  "h6": Object {
    "color": "hsla(0,0%,0%,0.9)",
    "fontFamily": "'Work Sans',sans-serif",
    "fontSize": "0.81225rem",
    "fontWeight": "600",
    "lineHeight": 1.1,
    "marginBottom": "1.45rem",
    "marginLeft": 0,
    "marginRight": 0,
    "marginTop": 0,
    "paddingBottom": 0,
    "paddingLeft": 0,
    "paddingRight": 0,
    "paddingTop": 0,
    "textRendering": "optimizeLegibility",
  },
  "hgroup": Object {
    "marginBottom": "1.45rem",
    "marginLeft": 0,
    "marginRight": 0,
    "marginTop": 0,
    "paddingBottom": 0,
    "paddingLeft": 0,
    "paddingRight": 0,
    "paddingTop": 0,
  },
  "hr": Object {
    "background": "hsla(0,0%,0%,0.2)",
    "border": "none",
    "height": "1px",
    "marginBottom": "calc(1.45rem - 1px)",
    "marginLeft": 0,
    "marginRight": 0,
    "marginTop": 0,
    "paddingBottom": 0,
    "paddingLeft": 0,
    "paddingRight": 0,
    "paddingTop": 0,
  },
  "html": Object {
    "boxSizing": "border-box",
    "font": "125%/1.45 'Source Sans Pro',sans-serif",
    "overflowY": "scroll",
  },
  "iframe": Object {
    "marginBottom": "1.45rem",
    "marginLeft": 0,
    "marginRight": 0,
    "marginTop": 0,
    "paddingBottom": 0,
    "paddingLeft": 0,
    "paddingRight": 0,
    "paddingTop": 0,
  },
  "img": Object {
    "marginBottom": "1.45rem",
    "marginLeft": 0,
    "marginRight": 0,
    "marginTop": 0,
    "maxWidth": "100%",
    "paddingBottom": 0,
    "paddingLeft": 0,
    "paddingRight": 0,
    "paddingTop": 0,
  },
  "kbd": Object {
    "fontSize": "0.85rem",
    "lineHeight": "1.45rem",
  },
  "li": Object {
    "marginBottom": "calc(1.45rem / 2)",
  },
  "li *:last-child": Object {
    "marginBottom": 0,
  },
  "li > ol": Object {
    "marginBottom": "calc(1.45rem / 2)",
    "marginLeft": "1.45rem",
    "marginTop": "calc(1.45rem / 2)",
  },
  "li > p": Object {
    "marginBottom": "calc(1.45rem / 2)",
  },
  "li > ul": Object {
    "marginBottom": "calc(1.45rem / 2)",
    "marginLeft": "1.45rem",
    "marginTop": "calc(1.45rem / 2)",
  },
  "noscript": Object {
    "marginBottom": "1.45rem",
    "marginLeft": 0,
    "marginRight": 0,
    "marginTop": 0,
    "paddingBottom": 0,
    "paddingLeft": 0,
    "paddingRight": 0,
    "paddingTop": 0,
  },
  "ol": Object {
    "listStyleImage": "none",
    "listStylePosition": "outside",
    "marginBottom": "1.45rem",
    "marginLeft": "1.45rem",
    "marginRight": 0,
    "marginTop": 0,
    "paddingBottom": 0,
    "paddingLeft": 0,
    "paddingRight": 0,
    "paddingTop": 0,
  },
  "ol li": Object {
    "paddingLeft": 0,
  },
  "p": Object {
    "marginBottom": "1.45rem",
    "marginLeft": 0,
    "marginRight": 0,
    "marginTop": 0,
    "paddingBottom": 0,
    "paddingLeft": 0,
    "paddingRight": 0,
    "paddingTop": 0,
  },
  "p *:last-child": Object {
    "marginBottom": 0,
  },
  "pre": Object {
    "fontSize": "0.85rem",
    "lineHeight": "1.45rem",
    "marginBottom": "1.45rem",
    "marginLeft": 0,
    "marginRight": 0,
    "marginTop": 0,
    "paddingBottom": 0,
    "paddingLeft": 0,
    "paddingRight": 0,
    "paddingTop": 0,
  },
  "samp": Object {
    "fontSize": "0.85rem",
    "lineHeight": "1.45rem",
  },
  "strong": Object {
    "fontWeight": 700,
  },
  "table": Object {
    "borderCollapse": "collapse",
    "fontSize": "1rem",
    "lineHeight": "1.45rem",
    "marginBottom": "1.45rem",
    "marginLeft": 0,
    "marginRight": 0,
    "marginTop": 0,
    "paddingBottom": 0,
    "paddingLeft": 0,
    "paddingRight": 0,
    "paddingTop": 0,
    "width": "100%",
  },
  "td,th": Object {
    "MozFontFeatureSettings": "\\"tnum\\"",
    "WebkitFontFeatureSettings": "\\"tnum\\"",
    "borderBottom": "1px solid hsla(0,0%,0%,0.12)",
    "fontFeatureSettings": "\\"tnum\\"",
    "msFontFeatureSettings": "\\"tnum\\"",
    "paddingBottom": "calc(0.725rem - 1px)",
    "paddingLeft": "0.96667rem",
    "paddingRight": "0.96667rem",
    "paddingTop": "0.725rem",
    "textAlign": "left",
  },
  "th": Object {
    "fontWeight": 700,
  },
  "th:first-child,td:first-child": Object {
    "paddingLeft": 0,
  },
  "th:last-child,td:last-child": Object {
    "paddingRight": 0,
  },
  "thead": Object {
    "textAlign": "left",
  },
  "ul": Object {
    "listStyleImage": "none",
    "listStylePosition": "outside",
    "marginBottom": "1.45rem",
    "marginLeft": "1.45rem",
    "marginRight": 0,
    "marginTop": 0,
    "paddingBottom": 0,
    "paddingLeft": 0,
    "paddingRight": 0,
    "paddingTop": 0,
  },
  "ul li": Object {
    "paddingLeft": 0,
  },
}
`;
